=== MODEL STATUS REPORT ========= After a batch build
<root>  [java source file]
    [package]
    pr115607.java  [java source file] TEST_SANDBOX\pr115607.java:1:
        [import reference]
      I  [annotation] TEST_SANDBOX\pr115607.java:1:
      Simple  [class] TEST_SANDBOX\pr115607.java:3:
      pr115607  [aspect] TEST_SANDBOX\pr115607.java:5:
        declare @type: Simple : @I  [declare @type] TEST_SANDBOX\pr115607.java:6:
=== END OF MODEL REPORT =========
=== RELATIONSHIPS REPORT ========= After a batch build
(targets=1) <{pr115607.java[Simple (annotated by) <{pr115607.java>pr115607´declare \@type
(targets=1) <{pr115607.java>pr115607´declare \@type (annotates) <{pr115607.java[Simple
=== END OF RELATIONSHIPS REPORT ==
=== Properties of the model and relationships map =====
import reference=1
aspect=1
declare @type=1
class=1
annotation=1
RelationshipMapSize=2
FileMapSize=1
package=1
java source file=2
