=== MODEL STATUS REPORT ========= After a batch build
<root>  [java source file]
  foo  [package]
    MyFoo.java  [java source file] TEST_SANDBOX\MyFoo.java:1:
      foo  [package declaration] TEST_SANDBOX\MyFoo.java:1:
        [import reference]
      MyFoo  [class] TEST_SANDBOX\MyFoo.java:3:
        callMain()  [method] TEST_SANDBOX\MyFoo.java:5:
          method-call(void foo.MyFoo.main())  [code] TEST_SANDBOX\MyFoo.java:6:
        main()  [method] TEST_SANDBOX\MyFoo.java:9:
=== END OF MODEL REPORT =========
=== RELATIONSHIPS REPORT ========= After a batch build
(targets=1) {MyBar.class (advises) <foo{MyFoo.java[MyFoo~callMain?method-call(void foo.MyFoo.main())
(targets=1) <foo{MyFoo.java[MyFoo~callMain?method-call(void foo.MyFoo.main()) (advised by) {MyBar.class
=== END OF RELATIONSHIPS REPORT ==
=== Properties of the model and relationships map =====
method=2
import reference=1
code=1
class=1
RelationshipMapSize=2
package declaration=1
FileMapSize=1
package=1
java source file=2
