=== MODEL STATUS REPORT ========= After a batch build
<root>  [java source file]
  test  [package]
    Simple.java  [java source file] TEST_SANDBOX\Simple.java:1:
      test  [package declaration] TEST_SANDBOX\Simple.java:1:
        [import reference]
      Simple  [class] TEST_SANDBOX\Simple.java:3:
        Simple()  [constructor] TEST_SANDBOX\Simple.java:5:
  binaries  [source folder]
    pkg  [package]
      AbstractBeanConfigurerAspect.class  [file] TEST_SANDBOX\aspects.jar!pkg\AbstractBeanConfigurerAspect.class:1:
        AbstractBeanConfigurerAspect  [aspect] TEST_SANDBOX\aspects.jar!pkg\AbstractBeanConfigurerAspect.class:1:
          beanCreation()  [pointcut] TEST_SANDBOX\aspects.jar!pkg\AbstractBeanConfigurerAspect.class:1:
          declare warning: "warning"  [declare warning] TEST_SANDBOX\aspects.jar!pkg\AbstractBeanConfigurerAspect.class:7:
=== END OF MODEL REPORT =========
=== RELATIONSHIPS REPORT ========= After a batch build
(targets=1) <test{Simple.java[Simple~Simple (matches declare) /binaries<pkg(AbstractBeanConfigurerAspect.class>AbstractBeanConfigurerAspect´declare warning
(targets=1) /binaries<pkg(AbstractBeanConfigurerAspect.class>AbstractBeanConfigurerAspect´declare warning (matched by) <test{Simple.java[Simple~Simple
=== END OF RELATIONSHIPS REPORT ==
=== Properties of the model and relationships map =====
import reference=1
aspect=1
declare warning=1
constructor=1
file=1
class=1
pointcut=1
RelationshipMapSize=2
package declaration=1
source folder=1
FileMapSize=1
package=2
java source file=2
