=== MODEL STATUS REPORT ========= After a batch build
<root>  [java source file]
  pack  [package]
    pr77269.aj  [java source file] TEST_SANDBOX\pack\pr77269.aj:1:
      pack  [package declaration] TEST_SANDBOX\pack\pr77269.aj:1:
        [import reference]
      Test  [class] TEST_SANDBOX\pack\pr77269.aj:2:
        testMethod()  [method] TEST_SANDBOX\pack\pr77269.aj:4:
          new Runnable() {..}  [class] TEST_SANDBOX\pack\pr77269.aj:5:
            run()  [method] TEST_SANDBOX\pack\pr77269.aj:6:
          C  [class] TEST_SANDBOX\pack\pr77269.aj:9:
            m()  [method] TEST_SANDBOX\pack\pr77269.aj:10:
      A  [aspect] TEST_SANDBOX\pack\pr77269.aj:17:
        p()  [pointcut] TEST_SANDBOX\pack\pr77269.aj:19:
        before(): p..  [advice] TEST_SANDBOX\pack\pr77269.aj:21:
=== END OF MODEL REPORT =========
=== RELATIONSHIPS REPORT ========= After a batch build
(targets=1) <pack*pr77269.aj[Test~testMethod[~run (advised by) <pack*pr77269.aj>A§before
(targets=1) <pack*pr77269.aj>A§before (advises) <pack*pr77269.aj[Test~testMethod[~run
=== END OF RELATIONSHIPS REPORT ==
=== Properties of the model and relationships map =====
method=3
import reference=1
aspect=1
class=3
advice=1
pointcut=1
RelationshipMapSize=2
package declaration=1
FileMapSize=1
package=1
java source file=2
